// Jest Snapshot v1, https://jestjs.io/docs/snapshot-testing

exports[`Component: Footer -> Should render correctly 1`] = `
.c0 {
  display: -webkit-box;
  display: -webkit-flex;
  display: -ms-flexbox;
  display: flex;
  -webkit-align-items: center;
  -webkit-box-align: center;
  -ms-flex-align: center;
  align-items: center;
  padding: 16px;
  color: #ffffff;
  background-color: #121212;
}

<div>
  <footer
    class="c0"
  />
</div>
`;
