// Jest Snapshot v1, https://jestjs.io/docs/snapshot-testing

exports[`Component: ArrowTip -> Should render correctly 1`] = `
.c0 {
  inset-inline-start: calc(50% - 8px);
  bottom: -8px;
  -webkit-transform: rotate(0deg);
  -ms-transform: rotate(0deg);
  transform: rotate(0deg);
  position: absolute;
}

<div>
  <svg
    class="c0"
    fill="none"
    height="10"
    viewBox="0 0 16 10"
    width="16"
    xmlns="http://www.w3.org/2000/svg"
  >
    <path
      d="M8 8.29289L14.7929 1.5L1.20711 1.5L8 8.29289Z"
      fill="white"
      stroke="#949494"
    />
    <path
      d="M0.417968 1.32534e-06L7.99805 7.58008L15.5781 0L0.417968 1.32534e-06Z"
      fill="white"
    />
  </svg>
</div>
`;

exports[`Component: Tooltip -> Should render correctly 1`] = `
.c2 {
  inset-inline-start: 16px;
  top: -8px;
  -webkit-transform: rotate(180deg);
  -ms-transform: rotate(180deg);
  transform: rotate(180deg);
  position: absolute;
}

.c0 {
  position: relative;
  width: -webkit-fit-content;
  width: -moz-fit-content;
  width: fit-content;
  overflow: visible;
}

.c3 {
  box-shadow: 0px 2px 8px 0px rgba(18,18,18,0.15);
  padding: 12px 16px;
  border: 1px solid #949494;
  border-radius: 4px;
  text-wrap: wrap;
  background: #ffffff;
}

.c1 {
  font-size: var(--etna-font-size,14px);
  line-height: var(--etna-line-height,18px);
  -webkit-letter-spacing: 0.02em;
  -moz-letter-spacing: 0.02em;
  -ms-letter-spacing: 0.02em;
  letter-spacing: 0.02em;
  font-weight: 400;
  visibility: hidden;
  opacity: 0;
  top: auto;
  bottom: 0%;
  inset-inline-start: calc(50% - 12px);
  -webkit-transform: translate( -12px,calc(100% + 12px) );
  -ms-transform: translate( -12px,calc(100% + 12px) );
  transform: translate( -12px,calc(100% + 12px) );
  position: absolute;
  z-index: 2;
  min-width: 200px;
  max-width: 240px;
  color: #646464;
  line-height: 20px;
  -webkit-transition: opacity 0.3s ease-in;
  transition: opacity 0.3s ease-in;
}

.c1:dir(rtl) {
  -webkit-transform: translate( 12px,calc(100% + 12px) );
  -ms-transform: translate( 12px,calc(100% + 12px) );
  transform: translate( 12px,calc(100% + 12px) );
}

.c4 {
  margin: initial;
  padding: initial;
  border: 0;
  color: inherit;
  font-weight: inherit;
  font-size: inherit;
  font-family: inherit;
  line-height: inherit;
  -webkit-letter-spacing: inherit;
  -moz-letter-spacing: inherit;
  -ms-letter-spacing: inherit;
  letter-spacing: inherit;
  text-align: inherit;
  text-transform: inherit;
  background-color: transparent;
  border-color: transparent;
  color: #ffffff;
  background-color: #024ddf;
  position: relative;
  display: inline-block;
  width: auto;
  min-height: 44px;
  padding: 8px 16px;
  border-style: solid;
  border-width: 1px;
  border-radius: 4px;
  font-weight: 600;
  font-size: 16px;
  line-height: 1.4;
  white-space: nowrap;
  text-align: center;
  -webkit-text-wrap: auto;
  text-wrap: auto;
  -webkit-transition: background-color 0.2s;
  transition: background-color 0.2s;
}

.c4:disabled {
  border-color: #ebebeb;
  color: #949494;
  background-color: #ebebeb;
  cursor: not-allowed;
}

.c4:not(:disabled) {
  cursor: pointer;
}

.c4:focus {
  outline-offset: 4px;
}

.c4:not(:disabled):hover {
  border-color: #0139a7;
  color: #ffffff;
  background-color: #0139a7;
}

.c4:not(:disabled):active {
  border-color: #012e85;
  background-color: #012e85;
}

.c5 {
  display: -webkit-box;
  display: -webkit-flex;
  display: -ms-flexbox;
  display: flex;
  gap: 8px;
  -webkit-align-items: center;
  -webkit-box-align: center;
  -ms-flex-align: center;
  align-items: center;
  -webkit-box-pack: center;
  -webkit-justify-content: center;
  -ms-flex-pack: center;
  justify-content: center;
  visibility: visible;
}

@media (min-width:900px) {
  .c1 {
    min-width: 16rem;
    max-width: 320px;
  }
}

@supports (text-wrap:pretty) {
  .c4 {
    text-wrap: pretty;
  }
}

<div>
  <div
    class="c0"
  >
    <div
      class="c1"
      id="1"
      role="tooltip"
    >
      <svg
        class="c2"
        fill="none"
        height="10"
        viewBox="0 0 16 10"
        width="16"
        xmlns="http://www.w3.org/2000/svg"
      >
        <path
          d="M8 8.29289L14.7929 1.5L1.20711 1.5L8 8.29289Z"
          fill="white"
          stroke="#949494"
        />
        <path
          d="M0.417968 1.32534e-06L7.99805 7.58008L15.5781 0L0.417968 1.32534e-06Z"
          fill="white"
        />
      </svg>
      <div
        class="c3"
      >
        This is a test tooltip
      </div>
    </div>
    <button
      aria-describedby="1"
      class="c4"
      type="button"
    >
      <span
        class="c5"
      >
        <span>
          Hello
        </span>
      </span>
    </button>
  </div>
</div>
`;
